 shellcode

 Timestamp is 62fb6741 (Tue Aug 16 17:45:37 2022)

 Preferred load address is 0000000140000000

 Start         Length     Name                   Class
 0001:00000000 00000018H .text                   CODE
 0001:00000018 000003f5H .text$mn                CODE
 0002:00000000 0000001cH .rdata                  DATA
 0002:0000001c 00000024H .rdata$voltmd           DATA
 0002:00000040 00000088H .rdata$zzzdbg           DATA
 0002:000000c8 00000030H .xdata                  DATA
 0002:000000f8 00000000H .edata                  DATA
 0003:00000000 00000018H .pdata                  DATA

  Address         Publics by Value              Rva+Base               Lib:Object

 0000:00000000       __AbsoluteZero             0000000000000000     <absolute>
 0000:00000000       __arm64x_extra_rfe_table   0000000000000000     <absolute>
 0000:00000000       __arm64x_extra_rfe_table_size 0000000000000000     <absolute>
 0000:00000000       __arm64x_native_entrypoint 0000000000000000     <absolute>
 0000:00000000       __arm64x_redirection_metadata 0000000000000000     <absolute>
 0000:00000000       __arm64x_redirection_metadata_count 0000000000000000     <absolute>
 0000:00000000       __dynamic_value_reloc_table 0000000000000000     <absolute>
 0000:00000000       __enclave_config           0000000000000000     <absolute>
 0000:00000000       __guard_check_icall_a64n_fptr 0000000000000000     <absolute>
 0000:00000000       __guard_eh_cont_count      0000000000000000     <absolute>
 0000:00000000       __guard_eh_cont_table      0000000000000000     <absolute>
 0000:00000000       __guard_fids_count         0000000000000000     <absolute>
 0000:00000000       __guard_fids_table         0000000000000000     <absolute>
 0000:00000000       __guard_flags              0000000000000000     <absolute>
 0000:00000000       __guard_iat_count          0000000000000000     <absolute>
 0000:00000000       __guard_iat_table          0000000000000000     <absolute>
 0000:00000000       __guard_longjmp_count      0000000000000000     <absolute>
 0000:00000000       __guard_longjmp_table      0000000000000000     <absolute>
 0000:00000000       __hybrid_auxiliary_iat     0000000000000000     <absolute>
 0000:00000000       __hybrid_auxiliary_iat_copy 0000000000000000     <absolute>
 0000:00000000       __hybrid_code_map          0000000000000000     <absolute>
 0000:00000000       __hybrid_code_map_count    0000000000000000     <absolute>
 0000:00000000       __x64_code_ranges_to_entry_points 0000000000000000     <absolute>
 0000:00000000       __x64_code_ranges_to_entry_points_count 0000000000000000     <absolute>
 0001:00000000       AlignRSP                   0000000140001000     AdjustStack.obj
 0001:00000018       Begin                      0000000140001018 f   shellcode.obj
 0001:00000020       GetProcAddressWithHash     0000000140001020 f   shellcode.obj
 0001:00000134       ReflectiveLoader           0000000140001134 f   shellcode.obj
 0002:0000001c       __volatile_metadata        000000014000201c     <linker-defined>

 entry point at        0001:00000018

 Static symbols

 0002:000000c8       $unwind$GetProcAddressWithHash 00000001400020c8     shellcode.obj
 0002:000000e0       $unwind$ReflectiveLoader   00000001400020e0     shellcode.obj
