 test

 Timestamp is 62fa613a (Mon Aug 15 23:07:38 2022)

 Preferred load address is 00400000

 Start         Length     Name                   Class
 0001:00000000 000002b1H .text$mn                CODE
 0002:00000000 00000020H .rdata                  DATA
 0002:00000020 00000048H .edata                  DATA
 0002:00000068 00000020H .rdata$voltmd           DATA
 0002:00000088 00000068H .rdata$zzzdbg           DATA

  Address         Publics by Value              Rva+Base       Lib:Object

 0000:00000000       ___AbsoluteZero            00000000     <absolute>
 0000:00000000       ___arm64x_extra_rfe_table  00000000     <absolute>
 0000:00000000       ___arm64x_extra_rfe_table_size 00000000     <absolute>
 0000:00000000       ___arm64x_native_entrypoint 00000000     <absolute>
 0000:00000000       ___arm64x_redirection_metadata 00000000     <absolute>
 0000:00000000       ___arm64x_redirection_metadata_count 00000000     <absolute>
 0000:00000000       ___dynamic_value_reloc_table 00000000     <absolute>
 0000:00000000       ___enclave_config          00000000     <absolute>
 0000:00000000       ___guard_check_icall_a64n_fptr 00000000     <absolute>
 0000:00000000       ___guard_eh_cont_count     00000000     <absolute>
 0000:00000000       ___guard_eh_cont_table     00000000     <absolute>
 0000:00000000       ___guard_fids_count        00000000     <absolute>
 0000:00000000       ___guard_fids_table        00000000     <absolute>
 0000:00000000       ___guard_iat_count         00000000     <absolute>
 0000:00000000       ___guard_iat_table         00000000     <absolute>
 0000:00000000       ___guard_longjmp_count     00000000     <absolute>
 0000:00000000       ___guard_longjmp_table     00000000     <absolute>
 0000:00000000       ___hybrid_auxiliary_iat    00000000     <absolute>
 0000:00000000       ___hybrid_auxiliary_iat_copy 00000000     <absolute>
 0000:00000000       ___hybrid_code_map         00000000     <absolute>
 0000:00000000       ___hybrid_code_map_count   00000000     <absolute>
 0000:00000000       ___x64_code_ranges_to_entry_points 00000000     <absolute>
 0000:00000000       ___x64_code_ranges_to_entry_points_count 00000000     <absolute>
 0000:00000100       ___guard_flags             00000100     <absolute>
 0001:00000000       _CallShellCode             00401000 f   shellcode.obj
 0001:000001c6       _GetProcAddressWithHash    004011c6 f   shellcode.obj
 0002:00000068       ___volatile_metadata       00402068     <linker-defined>

 entry point at        0001:00000000

 Static symbols

 0002:00000020       .edata                     00402020     test.exp
 0002:00000048       rgpv                       00402048     test.exp
 0002:0000004c       rgszName                   0040204c     test.exp
 0002:00000050       rgwOrd                     00402050     test.exp
 0002:00000052       szName                     00402052     test.exp
 0002:00000057       $N00001                    00402057     test.exp
